=== generate_raw.py: fraction=0.001 seed=42 shards=22 ===
Target people: 17,560  (scaled from 17,559,509 real people)
Treated (divorce) events assigned: 104 across years 2012-2018
[1/22] raw_000.parquet: 10,755 rows in 0.5s (total 10,755 rows, elapsed 0.6s, ETA 12.6s)
[2/22] raw_001.parquet: 10,765 rows in 0.2s (total 21,520 rows, elapsed 0.8s, ETA 8.0s)
[3/22] raw_002.parquet: 10,811 rows in 0.2s (total 32,331 rows, elapsed 1.0s, ETA 6.3s)
[4/22] raw_003.parquet: 10,743 rows in 0.2s (total 43,074 rows, elapsed 1.2s, ETA 5.3s)
[5/22] raw_004.parquet: 10,742 rows in 0.2s (total 53,816 rows, elapsed 1.4s, ETA 4.7s)
[6/22] raw_005.parquet: 10,795 rows in 0.2s (total 64,611 rows, elapsed 1.6s, ETA 4.2s)
[7/22] raw_006.parquet: 10,851 rows in 0.2s (total 75,462 rows, elapsed 1.8s, ETA 3.8s)
[8/22] raw_007.parquet: 10,640 rows in 0.2s (total 86,102 rows, elapsed 2.0s, ETA 3.4s)
[9/22] raw_008.parquet: 10,610 rows in 0.2s (total 96,712 rows, elapsed 2.2s, ETA 3.1s)
[10/22] raw_009.parquet: 10,759 rows in 0.2s (total 107,471 rows, elapsed 2.4s, ETA 2.8s)
[11/22] raw_010.parquet: 10,716 rows in 0.2s (total 118,187 rows, elapsed 2.6s, ETA 2.6s)
[12/22] raw_011.parquet: 10,791 rows in 0.2s (total 128,978 rows, elapsed 2.7s, ETA 2.3s)
[13/22] raw_012.parquet: 10,679 rows in 0.2s (total 139,657 rows, elapsed 2.9s, ETA 2.0s)
[14/22] raw_013.parquet: 10,824 rows in 0.2s (total 150,481 rows, elapsed 3.1s, ETA 1.8s)
[15/22] raw_014.parquet: 10,804 rows in 0.2s (total 161,285 rows, elapsed 3.3s, ETA 1.6s)
[16/22] raw_015.parquet: 10,901 rows in 0.2s (total 172,186 rows, elapsed 3.5s, ETA 1.3s)
[17/22] raw_016.parquet: 10,774 rows in 0.2s (total 182,960 rows, elapsed 3.7s, ETA 1.1s)
[18/22] raw_017.parquet: 10,922 rows in 0.2s (total 193,882 rows, elapsed 3.9s, ETA 0.9s)
[19/22] raw_018.parquet: 10,865 rows in 0.2s (total 204,747 rows, elapsed 4.1s, ETA 0.7s)
[20/22] raw_019.parquet: 10,850 rows in 0.2s (total 215,597 rows, elapsed 4.3s, ETA 0.4s)
[21/22] raw_020.parquet: 10,826 rows in 0.2s (total 226,423 rows, elapsed 4.5s, ETA 0.2s)
[22/22] raw_021.parquet: 10,530 rows in 0.2s (total 236,953 rows, elapsed 4.7s, ETA 0.0s)

Done. 236,953 raw rows across 22 shards in 4.7s.
Wrote /Users/tankarman/Library/CloudStorage/OneDrive-Personal/BiB/didi_testing/didi_data/raw_0.001/generation_manifest.json
